package sample;

import sample.SpringBootTest.WebEnvironment;

@SpringBootTest(webEnvironment = WebEnvironment.RANDOM_PORT, properties = { "management.server.port=0",
		"management.server.address=127.0.0.1", "management.server.servlet.context-path:/admin" })
public class SampleApplication {

}
