package demo;

public @interface InterfaceBraces {

	String value();

}
